// Jest Snapshot v1, https://goo.gl/fbAQLP

exports[`AddPaymentScreen component should renders correctly 1`] = `
<AnimatedComponent
  style={
    Array [
      Object {
        "alignItems": "center",
        "backgroundColor": "#FFF",
        "display": "flex",
        "flex": 1,
        "justifyContent": "space-between",
      },
      Object {
        "paddingBottom": 0,
      },
    ]
  }
>
  <View
    style={
      Object {
        "marginTop": 35,
        "width": "88%",
      }
    }
  >
    <View
      style={
        Object {
          "display": "flex",
          "flexDirection": "row",
        }
      }
    >
      <TextInput
        allowFontScaling={true}
        autoCapitalize="none"
        autoCorrect={false}
        autoFocus={true}
        keyboardType="numeric"
        maxLength={19}
        onChangeText={[Function]}
        placeholder="Card Number"
        placeholderTextColor="#d1d1d1"
        rejectResponderTermination={true}
        style={
          Object {
            "borderBottomColor": "#d1d1d1",
            "borderBottomWidth": 1,
            "flex": 1,
            "fontFamily": "BrandonText-Medium",
            "fontSize": 16,
            "paddingBottom": 10,
          }
        }
        underlineColorAndroid="transparent"
        value=""
      />
    </View>
    <View
      style={
        Object {
          "display": "flex",
          "flexDirection": "row",
          "marginTop": 15,
        }
      }
    >
      <TextInput
        allowFontScaling={true}
        autoCapitalize="none"
        autoCorrect={false}
        keyboardType="numeric"
        maxLength={5}
        onChangeText={[Function]}
        placeholder="MM/YY"
        placeholderTextColor="#d1d1d1"
        rejectResponderTermination={true}
        style={
          Object {
            "borderBottomColor": "#d1d1d1",
            "borderBottomWidth": 1,
            "flex": 1,
            "fontFamily": "BrandonText-Medium",
            "fontSize": 16,
            "marginRight": 15,
            "paddingBottom": 10,
          }
        }
        underlineColorAndroid="transparent"
        value=""
      />
      <TextInput
        allowFontScaling={true}
        autoCapitalize="none"
        autoCorrect={false}
        keyboardType="numeric"
        maxLength={3}
        onChangeText={[Function]}
        placeholder="CVV"
        placeholderTextColor="#d1d1d1"
        rejectResponderTermination={true}
        style={
          Object {
            "borderBottomColor": "#d1d1d1",
            "borderBottomWidth": 1,
            "flex": 1,
            "fontFamily": "BrandonText-Medium",
            "fontSize": 16,
            "marginRight": 15,
            "paddingBottom": 10,
          }
        }
        underlineColorAndroid="transparent"
        value=""
      />
      <TextInput
        allowFontScaling={true}
        autoCapitalize="none"
        autoCorrect={false}
        keyboardType="numeric"
        onChangeText={[Function]}
        placeholder="Zip Code"
        placeholderTextColor="#d1d1d1"
        rejectResponderTermination={true}
        style={
          Object {
            "borderBottomColor": "#d1d1d1",
            "borderBottomWidth": 1,
            "flex": 1,
            "fontFamily": "BrandonText-Medium",
            "fontSize": 16,
            "paddingBottom": 10,
          }
        }
        underlineColorAndroid="transparent"
        value=""
      />
    </View>
    <View
      style={
        Object {
          "marginTop": 15,
        }
      }
    >
      <Text
        style={
          Object {
            "color": "#d1d1d1",
          }
        }
      />
    </View>
  </View>
  <TouchableOpacity
    activeOpacity={0.2}
    onPress={[Function]}
    style={
      Object {
        "alignItems": "center",
        "backgroundColor": "#0EAF27",
        "borderRadius": 5,
        "height": 50,
        "justifyContent": "center",
        "marginBottom": 50,
        "width": "88%",
      }
    }
  >
    <Text
      style={
        Object {
          "color": "#FFF",
          "fontFamily": "BrandonText-Medium",
          "fontSize": 20,
        }
      }
    >
      Save
    </Text>
  </TouchableOpacity>
  <ModalSimple
    headline="There Was An Issue Adding
Your Credit Card. Please Try
Again Or Use A Different
Card."
  />
</AnimatedComponent>
`;
