// Jest Snapshot v1, https://goo.gl/fbAQLP

exports[`PaymentCompleteScreen component should renders correctly 1`] = `
<View
  style={
    Object {
      "alignItems": "center",
      "backgroundColor": "#F1F1F1",
      "flex": 1,
      "justifyContent": "center",
    }
  }
>
  <ViewWithoutOverflow
    style={
      Object {
        "alignItems": "center",
        "backgroundColor": "#FFF",
        "borderRadius": 5,
        "height": 200,
        "justifyContent": "center",
        "position": "relative",
        "width": "88%",
        "zIndex": 30,
      }
    }
  >
    <View
      style={
        Object {
          "alignItems": "center",
          "justifyContent": "center",
          "left": 0,
          "position": "absolute",
          "right": 0,
          "top": -50,
          "zIndex": 100,
        }
      }
    >
      <Image
        source={null}
      />
    </View>
    <Text
      style={
        Object {
          "color": "#000",
          "fontFamily": "BrandonText-Bold",
          "fontSize": 35,
          "fontWeight": "bold",
        }
      }
    >
      $
      0
    </Text>
    <View
      style={
        Object {
          "borderBottomColor": "#cacaca",
          "borderBottomWidth": 0.5,
          "marginBottom": 10,
          "marginTop": 10,
          "width": "65%",
        }
      }
    />
    <Text
      style={
        Object {
          "color": "#6E6E6E",
          "fontFamily": "BrandonText-Medium",
          "fontSize": 20,
          "textAlign": "center",
        }
      }
    >
      Payment Complete
    </Text>
    <Text
      style={
        Object {
          "color": "#6E6E6E",
          "fontFamily": "BrandonText-Medium",
          "fontSize": 16,
          "textAlign": "center",
        }
      }
    >
      Email receipt has been sent
    </Text>
  </ViewWithoutOverflow>
  <TouchableOpacity
    activeOpacity={0.2}
    onPress={[Function]}
    style={
      Object {
        "alignItems": "center",
        "backgroundColor": "#0EAF27",
        "borderRadius": 5,
        "height": 50,
        "justifyContent": "center",
        "marginTop": 20,
        "width": "88%",
      }
    }
  >
    <Text
      style={
        Object {
          "color": "#FFF",
          "fontFamily": "BrandonText-Medium",
          "fontSize": 20,
        }
      }
    >
      Return to Scan Product
    </Text>
  </TouchableOpacity>
</View>
`;
