// Jest Snapshot v1, https://goo.gl/fbAQLP

exports[`SignupScreen component should renders correctly 1`] = `
<KeyboardAwareScrollViewMock
  enableAutomaticScroll={true}
  enableOnAndroid={false}
  enableResetScrollToCoords={true}
  extraHeight={75}
  extraScrollHeight={0}
  keyboardOpeningTime={250}
  style={
    Object {
      "backgroundColor": "#FFF",
    }
  }
  viewIsInsideTabBar={false}
>
  <View
    style={
      Object {
        "alignItems": "center",
        "alignSelf": "stretch",
        "backgroundColor": "#FFF",
        "flex": 1,
      }
    }
  >
    <Text
      style={
        Object {
          "color": "#000",
          "fontFamily": "BrandonText-Medium",
          "fontSize": 36,
          "fontWeight": "300",
          "lineHeight": 40,
          "marginTop": "5.5%",
          "width": "88%",
        }
      }
    >
      CREATE A NEW
ACCOUNT
    </Text>
    <View
      style={
        Object {
          "marginTop": 20,
          "width": "88%",
        }
      }
    >
      <Text
        style={
          Object {
            "fontFamily": "BrandonText-Medium",
            "textAlign": "left",
            "width": "100%",
          }
        }
      >
        First Name
      </Text>
      <TextInput
        allowFontScaling={true}
        autoCapitalize="none"
        autoCorrect={false}
        onBlur={[Function]}
        onChangeText={[Function]}
        onFocus={[Function]}
        placeholder="First Name"
        placeholderTextColor="#9b9b9b"
        rejectResponderTermination={true}
        style={
          Array [
            Object {
              "backgroundColor": "#f3f3f3",
              "borderRadius": 3,
              "fontFamily": "BrandonText-Medium",
              "height": 35,
              "marginTop": 5,
              "paddingBottom": 0,
              "paddingLeft": 13,
              "paddingTop": 0,
            },
            false,
            false,
          ]
        }
        testID="First Name Input Signup"
        underlineColorAndroid="transparent"
        value=""
      />
      <View
        style={
          Object {
            "marginTop": 20,
          }
        }
      >
        <Text
          style={
            Object {
              "fontFamily": "BrandonText-Medium",
              "textAlign": "left",
              "width": "100%",
            }
          }
        >
          Last Name
        </Text>
        <TextInput
          allowFontScaling={true}
          autoCapitalize="none"
          autoCorrect={false}
          onBlur={[Function]}
          onChangeText={[Function]}
          onFocus={[Function]}
          placeholder="Last Name"
          placeholderTextColor="#9b9b9b"
          rejectResponderTermination={true}
          style={
            Array [
              Object {
                "backgroundColor": "#f3f3f3",
                "borderRadius": 3,
                "fontFamily": "BrandonText-Medium",
                "height": 35,
                "marginTop": 5,
                "paddingBottom": 0,
                "paddingLeft": 13,
                "paddingTop": 0,
              },
              false,
              false,
            ]
          }
          testID="Last Name Input Signup"
          underlineColorAndroid="transparent"
          value=""
        />
      </View>
      <View
        style={
          Object {
            "marginTop": 20,
          }
        }
      >
        <Text
          style={
            Object {
              "fontFamily": "BrandonText-Medium",
              "textAlign": "left",
              "width": "100%",
            }
          }
        >
          Email
        </Text>
        <TextInput
          allowFontScaling={true}
          autoCapitalize="none"
          autoCorrect={false}
          keyboardType="email-address"
          onBlur={[Function]}
          onChangeText={[Function]}
          onFocus={[Function]}
          placeholder="Email"
          placeholderTextColor="#9b9b9b"
          rejectResponderTermination={true}
          style={
            Array [
              Object {
                "backgroundColor": "#f3f3f3",
                "borderRadius": 3,
                "fontFamily": "BrandonText-Medium",
                "height": 35,
                "marginTop": 5,
                "paddingBottom": 0,
                "paddingLeft": 13,
                "paddingTop": 0,
              },
              false,
              false,
            ]
          }
          testID="Email Input Signup"
          underlineColorAndroid="transparent"
          value=""
        />
      </View>
      <View
        style={
          Object {
            "marginTop": 20,
          }
        }
      >
        <Text
          style={
            Object {
              "fontFamily": "BrandonText-Medium",
              "textAlign": "left",
              "width": "100%",
            }
          }
        >
          Password
        </Text>
        <TextInput
          allowFontScaling={true}
          autoCapitalize="none"
          autoCorrect={false}
          onBlur={[Function]}
          onChangeText={[Function]}
          onFocus={[Function]}
          placeholder="Password"
          placeholderTextColor="#9b9b9b"
          rejectResponderTermination={true}
          secureTextEntry={true}
          style={
            Array [
              Object {
                "backgroundColor": "#f3f3f3",
                "borderRadius": 3,
                "fontFamily": "BrandonText-Medium",
                "height": 35,
                "marginTop": 5,
                "paddingBottom": 0,
                "paddingLeft": 13,
                "paddingTop": 0,
              },
              false,
              false,
            ]
          }
          testID="Password Input Signup"
          underlineColorAndroid="transparent"
          value=""
        />
        <Text
          style={
            Array [
              Object {
                "color": "#9b9b9b",
                "fontFamily": "BrandonText-Medium",
                "marginTop": 5,
              },
              false,
            ]
          }
        >
          Minimum 6 characters long with at least one letter and one number.
        </Text>
      </View>
    </View>
    <TouchableOpacity
      activeOpacity={0.2}
      onPress={[Function]}
      style={
        Object {
          "alignItems": "center",
          "backgroundColor": "#0EAF27",
          "borderRadius": 5,
          "height": 50,
          "justifyContent": "center",
          "marginTop": 30,
          "width": "88%",
        }
      }
      testID="Signup Button Signup"
    >
      <Text
        style={
          Object {
            "color": "#FFF",
            "fontFamily": "BrandonText-Medium",
            "fontSize": 20,
          }
        }
      >
        Sign Up
      </Text>
    </TouchableOpacity>
    <ModalSimple
      headline="You can't register
with this email."
    />
  </View>
</KeyboardAwareScrollViewMock>
`;
