// Jest Snapshot v1, https://goo.gl/fbAQLP

exports[`Product component should renders correctly 1`] = `""`;
