// Jest Snapshot v1, https://goo.gl/fbAQLP

exports[`ProductList component should renders correctly 1`] = `""`;
