// Jest Snapshot v1, https://goo.gl/fbAQLP

exports[`Menu component renders correctly 1`] = `
<ScrollViewMock
  scrollsToTop={false}
  style={
    Object {
      "backgroundColor": "#FFF",
      "flex": 1,
      "height": 1334,
      "width": 750,
    }
  }
>
  <View
    style={
      Object {
        "backgroundColor": "#0EAF27",
        "flex": 1,
        "height": 90,
        "justifyContent": "flex-end",
        "paddingBottom": 14,
        "paddingLeft": 18,
        "width": "80%",
      }
    }
  >
    <Text
      style={
        Object {
          "color": "#FFF",
          "fontFamily": "BrandonText-Medium",
          "fontSize": 13,
        }
      }
    >
      VERSION 
    </Text>
    <Text
      style={
        Object {
          "color": "#FFF",
          "fontFamily": "BrandonText-Medium",
          "fontSize": 18,
        }
      }
    >
      ardit.vula@ohmygreen.com
    </Text>
  </View>
  <View
    style={
      Object {
        "paddingLeft": 18,
        "paddingRight": 265.5,
        "paddingTop": 36,
      }
    }
  >
    <Text
      onPress={[Function]}
      style={
        Object {
          "fontFamily": "BrandonText-Medium",
          "fontSize": 18,
        }
      }
      testID="Kitchen Menu"
    >
      Kitchen
    </Text>
    <View
      style={
        Object {
          "borderBottomColor": "#cacaca",
          "borderBottomWidth": 0.5,
          "marginBottom": 20,
          "marginTop": 19.5,
        }
      }
    />
    <Text
      onPress={[Function]}
      style={
        Object {
          "fontFamily": "BrandonText-Medium",
          "fontSize": 18,
        }
      }
    >
      Log Out
    </Text>
    <View
      style={
        Object {
          "borderBottomColor": "#cacaca",
          "borderBottomWidth": 0.5,
          "marginBottom": 20,
          "marginTop": 19.5,
        }
      }
    />
    <View>
      <Text
        style={
          Object {
            "color": "#4A4A4A",
            "fontFamily": "BrandonText-Medium",
            "fontSize": 14,
          }
        }
      >
        Customer support
      </Text>
      <TouchableOpacity
        activeOpacity={0.2}
        onPress={[Function]}
      >
        <Text
          style={
            Object {
              "color": "#00ad3d",
              "fontFamily": "BrandonText-Bold",
              "fontSize": 16,
            }
          }
        >
          customer@ohmygreen.com
        </Text>
      </TouchableOpacity>
      <Text
        style={
          Array [
            Object {
              "color": "#4A4A4A",
              "fontFamily": "BrandonText-Medium",
              "fontSize": 14,
            },
            Object {
              "marginTop": 20,
            },
          ]
        }
      >
        Tech support
      </Text>
      <TouchableOpacity
        activeOpacity={0.2}
        onPress={[Function]}
      >
        <Text
          style={
            Object {
              "color": "#00ad3d",
              "fontFamily": "BrandonText-Bold",
              "fontSize": 16,
            }
          }
        >
          tech@ohmygreen.com
        </Text>
      </TouchableOpacity>
    </View>
  </View>
</ScrollViewMock>
`;
