// Jest Snapshot v1, https://goo.gl/fbAQLP

exports[`Link component should renders correctly 1`] = `
<TouchableOpacity
  activeOpacity={0.2}
>
  <Text
    style={
      Object {
        "color": "#FFF",
        "fontFamily": "BrandonText-Medium",
        "fontSize": 15,
      }
    }
  />
</TouchableOpacity>
`;
